
 RUN  v3.2.4 /Users/stevendunn/GitHub-Steven/audiobook-factory/frontend

 ❯ src/store/live-jobs.test.ts (8 tests | 1 failed) 5ms
   ✓ LiveJobsStore > initializes with empty state 1ms
   ✓ LiveJobsStore > applies a new event 0ms
   ✓ LiveJobsStore > rejects stale events based on updated_at (Anti-Regression) 0ms
   ✓ LiveJobsStore > respects status precedence (cannot go backwards to running from done) 0ms
   × LiveJobsStore > allows status rollback for queued/preparing 3ms
     → expected 'running' to be 'queued' // Object.is equality
   ✓ LiveJobsStore > enforces monotonic progress for active states (Anti-Regression) 0ms
   ✓ LiveJobsStore > stabilizes ETA jitter 0ms
   ✓ LiveJobsStore > prunes older events using correct second-based units (P1 Fix Check) 0ms
 ❯ src/components/GlobalQueue.test.tsx (5 tests | 5 failed) 27ms
   × GlobalQueue > renders the queue sections correctly 20ms
     → Cannot read properties of undefined (reading 'filter')
   × GlobalQueue > prefers custom titles over raw chapter titles when present 2ms
     → Cannot read properties of undefined (reading 'filter')
   × GlobalQueue > toggles pause state 2ms
     → Cannot read properties of undefined (reading 'filter')
   × GlobalQueue > toggles history visibility and shows start/end times 1ms
     → Cannot read properties of undefined (reading 'filter')
   × GlobalQueue > calls clear completed from ActionMenu 1ms
     → Cannot read properties of undefined (reading 'filter')
 ✓ src/components/PredictiveProgressBar.test.tsx (32 tests) 200ms
 ✓ src/components/project/ChapterList.test.tsx (11 tests) 177ms
 ✓ src/hooks/useJobs.test.tsx (9 tests) 493ms
 ✓ src/components/chapter/ChapterSubcomponents.test.tsx (26 tests) 360ms
 ✓ src/components/ProjectView.test.tsx (13 tests) 457ms
 ✓ src/components/voices/VoicesTabFiles.test.tsx (13 tests) 409ms
 ✓ src/components/VoiceDropzone.test.tsx (6 tests) 204ms
 ✓ src/components/VoicesTab.test.tsx (8 tests) 510ms
 ✓ src/test/App.test.tsx (3 tests) 318ms
 ✓ src/components/ChapterEditor.test.tsx (19 tests) 751ms
 ✓ src/components/ProgressBarTestPage.test.tsx (5 tests) 902ms
   ✓ ProgressBarTestPage > does not apply launch-state edits to the live preview until launch is clicked  300ms
 ✓ src/hooks/useInitialData.test.tsx (3 tests) 178ms
 ✓ src/hooks/useChapterAnalysis.test.tsx (4 tests) 1057ms
   ✓ useChapterAnalysis > runs analysis after debounce when text changes  1052ms
 ✓ src/components/ActionMenu.test.tsx (3 tests) 129ms
 ✓ src/test/Navigation.test.tsx (1 test) 139ms
stdout | src/hooks/useProjectLibrary.test.tsx > useProjectLibrary > handles project creation
Project created: { status: 'success', project_id: 'new_id' }

 ✓ src/hooks/useProjectLibrary.test.tsx (5 tests) 157ms
 ✓ src/components/project/ProjectModals.test.tsx (7 tests) 186ms
 ✓ src/components/SearchableSelect.test.tsx (7 tests) 180ms
 ✓ src/components/voices/VoiceModals.test.tsx (6 tests) 172ms
 ✓ src/components/voices/VoiceUtils.test.tsx (3 tests) 92ms
 ✓ src/components/voices/ScriptEditor.test.tsx (5 tests) 123ms
 ✓ src/components/project/ProjectLibraryFiles.test.tsx (3 tests) 102ms
 ✓ src/components/ProjectLibrary.test.tsx (2 tests) 98ms
 ✓ src/components/Layout.test.tsx (2 tests) 70ms
 ✓ src/components/chapter/EditTab.test.tsx (4 tests) 73ms
 ✓ src/components/RecordingGuide.test.tsx (3 tests) 88ms
 ✓ src/components/queue/GlobalQueueFiles.test.tsx (12 tests) 110ms
 ✓ src/hooks/useVoiceManagement.test.tsx (6 tests) 102ms
 ✓ src/components/queue/QueueStats.test.tsx (5 tests) 28ms
 ✓ src/components/chapter/PreviewTab.test.tsx (5 tests) 61ms
 ✓ src/components/project/AssemblyProgress.test.tsx (4 tests) 77ms
 ✓ src/hooks/useVariantActions.test.tsx (8 tests) 23ms
 ✓ src/hooks/useChapterPlayback.test.tsx (6 tests) 68ms
stdout | src/hooks/useWebSocket.test.tsx > useWebSocket > connects on mount
WS Connected

stdout | src/hooks/useWebSocket.test.tsx > useWebSocket > handles message parsing
WS Connected

stdout | src/hooks/useWebSocket.test.tsx > useWebSocket > handles reconnection on close
WS Connected

 ✓ src/hooks/useWebSocket.test.tsx (4 tests) 26ms
 ✓ src/api/index.test.ts (4 tests) 6ms
 ✓ src/components/BrandLogo.test.tsx (4 tests) 29ms
 ✓ src/hooks/useProjectActions.test.tsx (7 tests) 20ms
 ✓ src/utils/chunkGroups.test.ts (2 tests) 2ms
 ✓ src/utils/predictiveProgress.test.ts (9 tests) 4ms
 ✓ src/components/StatusOrb.test.tsx (5 tests) 35ms
 ✓ src/api/hydration/index.test.ts (5 tests) 2ms
 ✓ src/utils/jobSelection.test.ts (2 tests) 1ms
 ✓ src/utils/queueLabels.test.ts (3 tests) 1ms
 ↓ src/hooks/useGlobalQueue.test.tsx (7 tests | 7 skipped)

 Test Files  2 failed | 43 passed | 1 skipped (46)
      Tests  6 failed | 301 passed | 7 skipped (314)
   Start at  16:35:25
   Duration  3.31s (transform 1.37s, setup 2.14s, collect 7.40s, tests 8.25s, environment 13.24s, prepare 2.06s)

